// Jest Snapshot v1, https://goo.gl/fbAQLP

exports[`App component 1`] = `
<div
  className="ui container"
  style={
    Object {
      "marginTop": "15px",
    }
  }
>
  <div
    className="search-bar ui segment"
  >
    <form
      className="ui form"
      onSubmit={[Function]}
    >
      <div
        className="field"
      >
        <label>
          Video Search
        </label>
        <input
          onChange={[Function]}
          type="text"
          value=""
        />
      </div>
    </form>
  </div>
  <div
    className="ui grid"
  >
    <div
      className="ui row"
    >
      <div
        className="eleven wide column"
      >
        <div>
          Loading ...
        </div>
      </div>
      <div
        className="five wide column"
      >
        <div
          className="ui relaxed divided list"
        />
      </div>
    </div>
  </div>
</div>
`;
